---
source: src/adapter/inbound/tui/app/shell_rendering_tests.rs
expression: rendered
---
Akra  |  Workflows: ready  |  Sessions: idle  |  Reviews: off
workspace: /tmp/root
diagnostics: codex ok  |  app-server ok  |  account ok
attachment: provider-launched  |  recovery: provider-thread-id
ready: send a task or reopen a session
examples: fix src/...  |  review PR #123  |  explain tests/...
shortcuts: r sessions  |  Ctrl+d diagnostics  |  :help

>
prompt: new thread ready  |  Enter send  |  Ctrl+j nl  |  :help
