---
source: src/adapter/inbound/tui/app/shell_rendering_tests.rs
expression: wide
---
"Akra / Activity / inline inspection                                                                                     "
"filter: diff    > Diff    Output                                                                                        "
"> ▼ · diff      observed  한글 wide detail  +1/-1 h1                                                                    " Hidden by multi-width symbols: [(27, " "), (29, " ")]
"retained:795/795 B  history:incomplete                                                                                  "
"diff · 한글 wide detail | 0-91 / 795 B                                                                                  " Hidden by multi-width symbols: [(8, " "), (10, " ")]
"   한글 wide detail                                                                                                     " Hidden by multi-width symbols: [(4, " "), (6, " ")]
"1 -old value                                                                                                            "
"1 +AKRA_ACTIVITY_DETAIL_SECRET\x1b[31m                                                                                  "
"   detail line 00                                                                                                       "
"Keys                                                                                                                    "
"Up/Down: row | Enter/e or click: fold | PgUp/PgDn: page | Tab: filter | h: list | Esc: close                            "
"Akra / progressive-activity  ·  READY  ·  queue off  ·  agents off  ·  terminals 1  ·  gpt-5.5/high                     "
"◦ Waiting for model response (0s • interrupt runtime-native)                                                            "
"notice: activity: active:command | diff:+1 -1 h1 | cmd:52 lines | ctx:75.00% | history:bounded | model:gpt-5.5          "
" > Describe a task or type : for commands                                                                               "
" Type a follow-up  |  Tab steers after typing                                                                           "
"                                                                                                                        "
"                                                                                                                        "
"                                                                                                                        "
"                                                                                                                        "
"                                                                                                                        "
"                                                                                                                        "
"                                                                                                                        "
"                                                                                                                        "
"                                                                                                                        "
"                                                                                                                        "
"                                                                                                                        "
"                                                                                                                        "
"                                                                                                                        "
"                                                                                                                        "
