---
source: src/adapter/inbound/tui/app/shell_rendering_tests.rs
expression: rendered
---
"Akra / root · READY · q off · a off · t 0       "
" > Describe a task or type : for commands       "
" Type a task  |  : commands                     "
"                                                "
"                                                "
"                                                "
"      ┌Akra / Confirm Exit───────────────┐      "
"      │You are already at the shell home.│      "
"      │Exit codex-exec-loop?             │      "
"      │                                  │      "
"      │y: exit    n: stay                │      "
"      └──────────────────────────────────┘      "
"                                                "
"                                                "
"                                                "
"                                                "
"                                                "
"                                                "
