---
source: src/adapter/inbound/tui/app/shell_rendering_tests.rs
assertion_line: 24
expression: rendered
---
" █████╗ ██╗  ██╗██████╗  █████╗                                                 "
"██╔══██╗██║ ██╔╝██╔══██╗██╔══██╗                                                "
"███████║█████╔╝ ██████╔╝███████║                                                "
"██╔══██║██╔═██╗ ██╔══██╗██╔══██║                                                "
"██║  ██║██║  ██╗██║  ██║██║  ██║                                                "
"╚═╝  ╚═╝╚═╝  ╚═╝╚═╝  ╚═╝╚═╝  ╚═╝                                                "
"Akra  |  워크플로: 준비됨  |  큐: 로드 준비됨  |  관찰: 꺼짐                    " Hidden by multi-width symbols: [(10, " "), (12, " "), (14, " "), (16, " "), (20, " "), (22, " "), (24, " "), (31, " "), (35, " "), (37, " "), (40, " "), (42, " "), (44, " "), (51, " "), (53, " "), (57, " "), (59, " ")]
"작업공간: /tmp/root                                                             " Hidden by multi-width symbols: [(1, " "), (3, " "), (5, " "), (7, " ")]
"진단: codex 정상  |  app-server 정상  |  계정 정상                              " Hidden by multi-width symbols: [(1, " "), (3, " "), (13, " "), (15, " "), (33, " "), (35, " "), (42, " "), (44, " "), (47, " "), (49, " ")]
"연결: provider-launched  |  복구: provider-thread-id                            " Hidden by multi-width symbols: [(1, " "), (3, " "), (29, " "), (31, " ")]
"대화                                                                            " Hidden by multi-width symbols: [(1, " "), (3, " ")]
"첫 응답은 프롬프트 전송 후 표시됩니다                                           " Hidden by multi-width symbols: [(1, " "), (4, " "), (6, " "), (8, " "), (11, " "), (13, " "), (15, " "), (17, " "), (20, " "), (22, " "), (25, " "), (28, " "), (30, " "), (32, " "), (34, " "), (36, " ")]
"시작: 작업, 파일, 버그 요약으로 시작                                            " Hidden by multi-width symbols: [(1, " "), (3, " "), (7, " "), (9, " "), (13, " "), (15, " "), (19, " "), (21, " "), (24, " "), (26, " "), (28, " "), (30, " "), (33, " "), (35, " ")]
"                                                                                "
">                                                                               "
"prompt: new thread ready  |  Enter send  |  Ctrl+j nl  |  :help                 "
"                                                                                "
"                                                                                "
"                                                                                "
"                                                                                "
"                                                                                "
"                                                                                "
"                                                                                "
"                                                                                "
