---
source: src/adapter/inbound/tui/app/shell_rendering_tests.rs
expression: width_160
---
"Akra / Activity / inline inspection                                                                                                                             "
"filter: all    > Diff    Output                                                                                                                                 "
"● waiting for subagent  ·  Reviewing retry and approval paths                                                                                                   "
"> ▼ ✓ command   complete  Completed C:/dev/akra-queue/codex-exec-loop/src/adapter/inbound/tui/app/a-very-long-commercial-activity-timeline-path…  2 lines · 2.5s"
"  › × command   failed    Strict lint failed  2 lines · 800ms                                                                                                   "
"  › ● agent     active    Reviewing retry and approval paths  commentary                                                                                        "
"  › · diff      observed  --- a/src/adapter/inbound/tui/app/a-very-long-commercial-activity-timeline-path.rs  +2/-1 h1                                          "
"command · cargo test --workspace | 0-39 / 39 B                                                                                                                  "
"cargo test --workspace                                                                                                                                          "
"248 tests passed                                                                                                                                                "
"Keys                                                                                                                                                            "
"Up/Down: row | Enter/e or click: fold | PgUp/PgDn: page | Tab: filter | h: list | Esc: close                                                                    "
"Akra / structured-activity  •  ready  •  gpt-5.5/high  •  queue: off                                                                                            "
"notice: activity: diff:+2 -1 h1                                                                                                                                 "
" > Describe a task or type : for commands                                                                                                                       "
" Type a follow-up  |  Tab steers after typing                                                                                                                   "
"                                                                                                                                                                "
"                                                                                                                                                                "
"                                                                                                                                                                "
"                                                                                                                                                                "
"                                                                                                                                                                "
"                                                                                                                                                                "
"                                                                                                                                                                "
"                                                                                                                                                                "
"                                                                                                                                                                "
"                                                                                                                                                                "
"                                                                                                                                                                "
"                                                                                                                                                                "
"                                                                                                                                                                "
"                                                                                                                                                                "
