---
source: src/adapter/inbound/tui/app/shell_rendering_tests.rs
expression: narrow
---
"Akra / Work Center / inline inspection                                          "
"task RUNNING · agents RUNNING · terminal IDLE · approval NONE · delivery WORKI… "
"> TASK      RUNNING   Ship the unified operator surface · turn started          "
"  AGENTS    RUNNING   1/1 active · agent-1 · Implement unified work center · p… "
"  TERMINAL  IDLE      No terminal activity recorded                             "
"  APPROVAL  NONE      No runtime approval is waiting                            "
"  DELIVERY  WORKING   merge pending · Implement unified work center · merge pe… "
"Selected · TASK · RUNNING → Activity · turn turn-work-center · thread thread-w… "
"Keys · ↑↓ / jk select · Enter drill in · Esc close                              "
"A activity · V agents · T terminal · R reviews · D delivery                     "
"Akra / root  ·  READY  ·  queue off  ·  agents 1/1  ·  terminals 0              "
"◦ Waiting for model response (0s • interrupt runtime-native)                    "
"◦ Working (pool slot-1 • state: running • 06m 42s • Implement unified work      "
"center: projecting...)                                                          "
" > Describe a task or type : for commands                                       "
" Type a follow-up  |  Tab steers after typing                                   "
"                                                                                "
"                                                                                "
"                                                                                "
"                                                                                "
"                                                                                "
"                                                                                "
"                                                                                "
"                                                                                "
