---
source: src/adapter/inbound/tui/app/shell_rendering_tests.rs
expression: rendered
---
"                                                                                "
"                                                                                "
"                                                                                "
"                                                                                "
"Codex:                                                                          "
"  streaming reply still visible                                                 "
"                                                                                "
"Akra / root  •  ready  •  queue: ready                                          "
"◦ Working (0s • turn running / interrupt runtime-native)                        "
"planning: stale                                                                 "
"now: Implement shell planning status  |  next: Trim legacy shell code           "
"blocked: Follow blocked review thread (blocked by tasks: task-2(in_progress))   "
"recent codex: previous transcript should remain vis...                          "
"╭ Task                                                                          "
"│ > Describe a task or type : for commands                                      "
"╰  Type a follow-up  |  Tab steers after typing                                 "
"                                                                                "
"                                                                                "
"                                                                                "
"                                                                                "
"                                                                                "
"                                                                                "
"                                                                                "
"                                                                                "
