---
source: src/adapter/inbound/tui/app/shell_rendering_tests.rs
expression: typing
---
"Akra / root  •  branch: --  •  ready  •  gpt-5.5/high  •  ctx: --  •  queue: off                                        "
"╭ Task                                                                                                                  "
"│ > Refine the operator timeline                                                                                        "
"╰  Enter send  |  Ctrl+J newline                                                                                        "
"                                                                                                                        "
"                                                                                                                        "
"                                                                                                                        "
"                                                                                                                        "
"                                                                                                                        "
"                                                                                                                        "
"                                                                                                                        "
"                                                                                                                        "
"                                                                                                                        "
"                                                                                                                        "
"                                                                                                                        "
"                                                                                                                        "
"                                                                                                                        "
"                                                                                                                        "
"                                                                                                                        "
"                                                                                                                        "
"                                                                                                                        "
"                                                                                                                        "
"                                                                                                                        "
"                                                                                                                        "
