---
source: src/adapter/inbound/tui/app/shell_rendering_tests.rs
expression: rendered
---








Codex:
  let ok = true;

Akra / root  •  ready  •  gpt-5.5/high  •  queue: off
◦ Working (0s • turn running / interrupt runtime-native)
╭ Task
│ > Describe a task or type : for commands
╰  Type a follow-up  |  Tab steers after typing
