---
source: src/adapter/inbound/tui/app/shell_rendering_tests.rs
expression: rendered
---
"Codex:                                                                          "
"  streaming reply still visible                                                 "
"Akra  |  thread: new draft  |  turn: working  |  input: streaming  |  auto:     "
"queue/idle  |  done: 0/20  |  Plan ready / ready                                "
"status: turn started  |  startup: startup ready  |  gh: off                     "
"runtime: clear  |  warn: none                                                   "
"parallel: off  |  mode: normal  |  pool: inactive  |  agents: inactive  |       "
"queue: inactive                                                                 "
"◦ Working (0s • turn running / interrupt unsupported)                           "
"planning: stale  |  queue: next task: rank 1 / terminal-brid...                 "
"now: Implement shell planning status  |  next: Trim legacy shell code           "
"proposed: none  |  blocked: Follow blocked review thread (blocked by tasks:     "
"task-2(in_progress))                                                            "
"recent codex: previous transcript should remain vis...                          "
">                                                                               "
"prompt: turn running  |  type now, Enter when idle                              "
"                                                                                "
"                                                                                "
"                                                                                "
"                                                                                "
"                                                                                "
"                                                                                "
"                                                                                "
"                                                                                "
