---
source: src/adapter/inbound/tui/app/shell_rendering_tests.rs
expression: rendered
---
Akra  |  thread: new draft  |  turn: working  |
input: streaming  |  auto: queue/idle  |  done:
0/20  |  Plan setup / idle
status: new thread draft  |  startup: startup
ready  |  gh: off
runtime: clear  |  warn: none
parallel: off  |  mode: normal  |  pool:
inactive  |  agents: inactive  |  queue:
inactive
◦ Working (0s • turn running / interrupt
