---
source: src/adapter/inbound/tui/app/shell_rendering_tests.rs
expression: wide
---
"                                                                                                                                                                "
"                                                                                                                                                                "
"                                                                                                                                                                "
"                                                                                                                                                                "
"                                                                                                                                                                "
"                                                                                                                                                                "
"                                                                                                                                                                "
"                                                                                                                                                                "
"                                                                                                                                                                "
"                                                                                                                                                                "
"Akra / progressive-activity  •  ready  •  gpt-5.5/high  •  ctx: 75%  •  queue: off                                                                              "
"◦ Working (0s • waiting for response / interrupt runtime-...)                                                                                                   "
"notice: activity: active:command | diff:+1 -1 h1 | cmd:2 lines | ctx:75.00% | model:gpt-5.5 | task:P0-D3 rail                                                   "
"╭ Task                                                                                                                                                          "
"│ > Describe a task or type : for commands                                                                                                                      "
"╰  Type a follow-up  |  Tab steers after typing                                                                                                                 "
"                                                                                                                                                                "
"                                                                                                                                                                "
"                                                                                                                                                                "
"                                                                                                                                                                "
"                                                                                                                                                                "
"                                                                                                                                                                "
"                                                                                                                                                                "
"                                                                                                                                                                "
