---
source: src/adapter/inbound/tui/app/shell_rendering_tests.rs
assertion_line: 246
expression: rendered
---
Akra / Planning Draft / inline inspection
draft dir: /tmp/root/.codex-exec-loop/planning/drafts/bootstrap-test
Files
> result-output.md
result-output.md
version = 1









Status
staged draft: bootstrap-test
current file: .codex-exec-loop/planning/result-output.md (1/3)
validation state: ok
staged path: /tmp/root/.codex-exec-loop/planning/drafts/bootstrap-...
Keys
controls: Tab/BackTab switches files  |  arrows move the cursor
controls: Enter inserts newline  |  Backspace deletes  |  Ctrl+W deletes the previous word
controls: Ctrl+S saves and validates  |  Ctrl+P saves and promotes active planning
controls: Esc/Ctrl+C closes this surface
Akra  |  워크플로: 준비됨  |  큐: 로드 준비됨  |  관찰: 꺼짐
>
prompt: new thread ready  |  Enter send  |  Ctrl+j nl  |  :help
