---
source: src/adapter/inbound/tui/app/shell_rendering_tests.rs
expression: rendered
---










Akra  |  thread: Progressive activity  |  turn: working  |  input: streaming
status: turn started
◦ Working (0s • waiting for response / interrupt runtime-...)
notice: activity: cmd:2 lines | active:command | diff:+1 -1 h1 | ctx:75.00% | model:gpt-5.5 | task:P0-D3 rail | lane:cmd1/files2
>
prompt: turn running  |  type now, Enter when idle
