---
source: src/adapter/inbound/tui/app/shell_rendering_tests.rs
assertion_line: 47
expression: rendered
---
"Akra / Planning Queue / inline inspection                                                       "
"Review the next actionable work without opening raw planning artifacts.                         "
"Summary                                                                                         "
"next: Implement shell planning status  |  queue: Queue Summary                                  "
"Queue                                                                                           "
"Ready Queue                                                                                     "
"#1 [ready / p10] Implement shell planning status                                                "
"#2 [ready / p8] Trim legacy shell code                                                          "
"Proposals                                                                                       "
"No promotable proposals are queued right now.                                                   "
"Notes                                                                                           "
"skipped tasks: 1 / blocked by tasks: task-2(in_progress)                                        "
"                                                                                                "
"                                                                                                "
"                                                                                                "
"                                                                                                "
"                                                                                                "
"                                                                                                "
"                                                                                                "
"                                                                                                "
"                                                                                                "
"                                                                                                "
"                                                                                                "
"Keys                                                                                            "
"Esc/Ctrl+C: close  |  :planning: update files                                                   "
"Akra  |  워크플로: 준비됨  |  큐: 로드 준비됨  |  관찰: 꺼짐                                    " Hidden by multi-width symbols: [(10, " "), (12, " "), (14, " "), (16, " "), (20, " "), (22, " "), (24, " "), (31, " "), (35, " "), (37, " "), (40, " "), (42, " "), (44, " "), (51, " "), (53, " "), (57, " "), (59, " ")]
">                                                                                               "
"prompt: new thread ready  |  Enter send  |  Ctrl+j nl  |  :help                                 "
