---
source: src/adapter/inbound/tui/app/shell_rendering_tests.rs
expression: narrow
---
"Akra / root  ·  READY  ·  queue off  ·  agents off  ·  terminals 0              "
"╭ Task                                                                          "
"│ > :p                                                                          "
"│palette 2/3                                                                    "
"│  :parallel  READY  parallel mode                                              "
"│> :peek  LOCKED  parallel agent peek                                           "
"│  :planning  READY  planning control center                                    "
"│  detail  none → inspect active agent work · LOCKED · start parallel mode first"
"╰  ↑/↓ or Tab select  |  Enter unavailable  |  Esc close                        "
"                                                                                "
"                                                                                "
"                                                                                "
"                                                                                "
"                                                                                "
"                                                                                "
"                                                                                "
"                                                                                "
"                                                                                "
"                                                                                "
"                                                                                "
"                                                                                "
"                                                                                "
"                                                                                "
"                                                                                "
