---
source: src/adapter/inbound/tui/app/shell_rendering_tests.rs
expression: rendered
---
"Akra / Planning Queue / inline inspection                                                       "
"Summary                                                                                         "
"status: ready  |  queued: 2  |  proposed: 0                                                     "
"Queue                                                                                           "
"> #1 [ready] Implement shell planning status                                                    "
"  #2 [ready] Trim legacy shell code                                                             "
"Notes                                                                                           "
"skipped tasks: 1 / blocked by tasks: task-2(in_progress)                                        "
"                                                                                                "
"                                                                                                "
"                                                                                                "
"                                                                                                "
"                                                                                                "
"                                                                                                "
"                                                                                                "
"                                                                                                "
"                                                                                                "
"                                                                                                "
"                                                                                                "
"                                                                                                "
"                                                                                                "
"Keys                                                                                            "
"Up/Down, j/k: select                                                                            "
"x/Delete: remove                                                                                "
"Esc/Ctrl+C: close                                                                               "
"Akra / root  •  branch: --  •  ready  •  gpt-5.5/high  •  ctx: --  •  queue: ready              "
" > Describe a task or type : for commands                                                       "
" Type a task  |  : commands                                                                     "
