---
source: src/adapter/inbound/tui/app/shell_rendering_tests.rs
expression: vt100
---
Akra / Activity / inline inspection
filter: command      Diff  > Output
> ▼ · command   observed  한글 wide detail  52 lines
retained:795/795 B  history:incomplete
command · 한글 wide detail | 0-42 / 795 B
한글 wide detail
@@ -1 +1 @@
-old value
Keys
Up/Down: row | Enter/e or click: fold
PgUp/PgDn: page | Tab: filter | h: list | Esc: close
Akra / p...  •  ready  •  gpt-5.5/high  •  ctx: 75%  •  queue: off
◦ Waiting for model response (0s • interrupt runtime-native)
notice: activity: active:command | diff:+1 -1 h1 | cmd:52 lines | ctx:75.00%
 > Describe a task or type : for commands
 Type a follow-up  |  Tab steers after typing
