---
source: src/adapter/inbound/tui/app/shell_rendering_tests.rs
expression: narrow
---
"Akra / Parallel Operations / inline inspection                                  "
"ON  ·  CLEANUP  ·  focused inspection                                           "
"Overview                                                                        "
"CLEANUP  ·  slots 2/3  ·  accepted queue 3  ·  delivery 2                       "
"No active blocker · unknown facts remain unknown                                "
"Agent Lanes                                                                     "
" slot-1 RUNNING Implementation · Commercial lane 1 · →Commit                    "
">slot-2 REVIEW Verification · Commercial lane 2 · →Review                       "
" slot-3 CLEANUP Documentation · Commercial lane 3 · →Cleanup                    "
"Selected Lane                                                                   "
"slot-2 REVIEW Verification · →Review                                            "
"Accepted Queue                                                                  "
"#4 DISPATCH  Commercial lane 4                                                  "
"[12:30:00] Supervisor: typed operations event 5                                 "
"Command Hints                                                                   "
"Enter inspect  ·  V agent view  ·  Ctrl+R refresh  ·  Ctrl+P off  ·  Esc close  "
"                                                                                "
"                                                                                "
"                                                                                "
"                                                                                "
"                                                                                "
"                                                                                "
"                                                                                "
"                                                                                "
"                                                                                "
"                                                                                "
"                                                                                "
"                                                                                "
"                                                                                "
"                                                                                "
"                                                                                "
"                                                                                "
"                                                                                "
"                                                                                "
