---
source: src/adapter/inbound/tui/app/shell_rendering_tests.rs
expression: blocked
---
"Akra / root  ·  BLOCKED  ·  queue off  ·  agents off  ·  terminals 0  ·  gpt-5.5/high                                   "
"! BLOCKED  ·  input locked  ·  Ctrl+D resolve                                                                           "
"status: codex app-server unavailable                                                                                    "
"╭ Task                                                                                                                  "
"│ > Describe a task or type : for commands                                                                              "
"╰  Ctrl+D diagnostics  |  draft preserved                                                                               "
"                                                                                                                        "
"                                                                                                                        "
"                                                                                                                        "
"                                                                                                                        "
"                                                                                                                        "
"                                                                                                                        "
"                                                                                                                        "
"                                                                                                                        "
"                                                                                                                        "
"                                                                                                                        "
"                                                                                                                        "
"                                                                                                                        "
"                                                                                                                        "
"                                                                                                                        "
"                                                                                                                        "
"                                                                                                                        "
"                                                                                                                        "
"                                                                                                                        "
