---
source: src/adapter/inbound/tui/app/shell_rendering_tests.rs
expression: rendered
---








Codex:
  streaming delta should stay in the transcript until completion

Akra  |  thread: new draft  |  turn: working  |  input: streaming
status: new thread draft
◦ Working (0s • turn running / interrupt unsupported)
>
prompt: turn running  |  type now, Enter when idle
