---
source: src/adapter/inbound/tui/app/shell_rendering_tests.rs
expression: rendered
---
"                                                "
"                                                "
"                                                "
"                                                "
"                                                "
"                                                "
"Akra / root  •  ready  •  queue: ready          "
"[ Undo queue ]  click to cancel 1 queued task  |"
" keyboard: :queue then u                        "
"runtime: notice: attachment re...               "
"now: Implement shell planning status  |  next:  "
"Trim legacy shell code                          "
"blocked: Follow blocked review thread (blocked  "
"by tasks: task-2(in_progress))                  "
"recent codex: previous operator-visible response"
"╭ Task                                          "
"│ > queued follow-up must remain visible        "
"╰  Enter send  |  Ctrl+J newline                "
