---
source: src/adapter/inbound/tui/app/shell_rendering_tests.rs
assertion_line: 102
expression: rendered
---
"                                                "
"                                                "
"                                                "
"                                                "
"                                                "
"                                                "
"                                                "
"Akra  |  thread: Dense tail                     "
"[ Undo queue ]  click to cancel 1 queued task  |"
" keyboard: :queue then u                        "
"runtime: notice: attachment re...               "
"now: Implement shell planning status  |  next:  "
"Trim legacy shell code                          "
"blocked: Follow blocked review thread (blocked  "
"by tasks: task-2(in_progress))                  "
"recent codex: previous operator-visible response"
"> queued follow-up must remain visible          "
"buffered prompt  |  Enter send  |  Ctrl+j nl    "
